Test input 1234567890!@#$%^&*()
Test input 1234567890!@#$%^&*()
